{"timestamp":"2026-07-18T13:03:18.434849+00:00","level":"INFO","logger":"corvax.http","message":"request_completed","request_id":"97d4ea46-842e-40af-899b-c3bb41cc9cd2","method":"POST","path":"/api/v1/auth/login","status":200,"elapsed_ms":245.23,"client_ip":"testclient"}
{"timestamp":"2026-07-18T13:03:18.436378+00:00","level":"INFO","logger":"httpx","message":"HTTP Request: POST http://testserver/api/v1/auth/login \"HTTP/1.1 200 OK\""}
{"timestamp":"2026-07-18T13:03:18.439863+00:00","level":"INFO","logger":"corvax.http","message":"request_completed","request_id":"a853af11-46dc-46c5-b047-b8e853a0d4db","method":"GET","path":"/health","status":200,"elapsed_ms":2.31,"client_ip":"testclient"}
{"timestamp":"2026-07-18T13:03:18.440487+00:00","level":"INFO","logger":"httpx","message":"HTTP Request: GET http://testserver/health \"HTTP/1.1 200 OK\""}
{"timestamp":"2026-07-18T13:03:18.443462+00:00","level":"INFO","logger":"corvax.http","message":"request_completed","request_id":"c10aab9f-8946-4772-ad8d-47aa965fdda1","method":"GET","path":"/health/ready","status":200,"elapsed_ms":1.99,"client_ip":"testclient"}
{"timestamp":"2026-07-18T13:03:18.443940+00:00","level":"INFO","logger":"httpx","message":"HTTP Request: GET http://testserver/health/ready \"HTTP/1.1 200 OK\""}
{"timestamp":"2026-07-18T13:03:18.510147+00:00","level":"INFO","logger":"corvax.http","message":"request_completed","request_id":"2a068c46-23fd-47a0-a516-dad0c9edf024","method":"POST","path":"/api/v1/admin/users","status":201,"elapsed_ms":65.26,"client_ip":"testclient"}
{"timestamp":"2026-07-18T13:03:18.511043+00:00","level":"INFO","logger":"httpx","message":"HTTP Request: POST http://testserver/api/v1/admin/users \"HTTP/1.1 201 Created\""}
{"timestamp":"2026-07-18T13:03:18.567936+00:00","level":"INFO","logger":"corvax.http","message":"request_completed","request_id":"bb441027-3f62-48fb-bb90-557a3887ecef","method":"POST","path":"/api/v1/admin/users","status":201,"elapsed_ms":55.65,"client_ip":"testclient"}
{"timestamp":"2026-07-18T13:03:18.568860+00:00","level":"INFO","logger":"httpx","message":"HTTP Request: POST http://testserver/api/v1/admin/users \"HTTP/1.1 201 Created\""}
{"timestamp":"2026-07-18T13:03:18.737363+00:00","level":"INFO","logger":"corvax.http","message":"request_completed","request_id":"fce33350-e6b8-440c-9485-c5665979b33a","method":"POST","path":"/api/v1/auth/login","status":200,"elapsed_ms":167.44,"client_ip":"testclient"}
{"timestamp":"2026-07-18T13:03:18.738393+00:00","level":"INFO","logger":"httpx","message":"HTTP Request: POST http://testserver/api/v1/auth/login \"HTTP/1.1 200 OK\""}
{"timestamp":"2026-07-18T13:03:18.908237+00:00","level":"INFO","logger":"corvax.http","message":"request_completed","request_id":"a687def2-9e5e-4b34-88f6-80c9aa780620","method":"POST","path":"/api/v1/auth/login","status":200,"elapsed_ms":168.51,"client_ip":"testclient"}
{"timestamp":"2026-07-18T13:03:18.908987+00:00","level":"INFO","logger":"httpx","message":"HTTP Request: POST http://testserver/api/v1/auth/login \"HTTP/1.1 200 OK\""}
{"timestamp":"2026-07-18T13:03:18.939409+00:00","level":"INFO","logger":"corvax.http","message":"request_completed","request_id":"51386a19-b478-4dc1-9128-d77fab9485d0","method":"POST","path":"/api/v1/internal-completion/costing/runs","status":201,"elapsed_ms":27.14,"client_ip":"testclient"}
{"timestamp":"2026-07-18T13:03:18.940441+00:00","level":"INFO","logger":"httpx","message":"HTTP Request: POST http://testserver/api/v1/internal-completion/costing/runs \"HTTP/1.1 201 Created\""}
{"timestamp":"2026-07-18T13:03:18.948327+00:00","level":"INFO","logger":"corvax.http","message":"request_completed","request_id":"45f70b0a-10b0-448a-8d85-2475d7fa7540","method":"POST","path":"/api/v1/internal-completion/costing/runs/{run_id}/review","status":409,"elapsed_ms":6.84,"client_ip":"testclient"}
{"timestamp":"2026-07-18T13:03:18.948791+00:00","level":"INFO","logger":"httpx","message":"HTTP Request: POST http://testserver/api/v1/internal-completion/costing/runs/1/review \"HTTP/1.1 409 Conflict\""}
{"timestamp":"2026-07-18T13:03:18.962123+00:00","level":"INFO","logger":"corvax.http","message":"request_completed","request_id":"e11c27fd-bffc-4d74-8e0b-f29de6a0d712","method":"POST","path":"/api/v1/internal-completion/costing/runs/{run_id}/review","status":200,"elapsed_ms":12.13,"client_ip":"testclient"}
{"timestamp":"2026-07-18T13:03:18.963065+00:00","level":"INFO","logger":"httpx","message":"HTTP Request: POST http://testserver/api/v1/internal-completion/costing/runs/1/review \"HTTP/1.1 200 OK\""}
{"timestamp":"2026-07-18T13:03:18.971738+00:00","level":"INFO","logger":"corvax.http","message":"request_completed","request_id":"7a56e181-29a9-45e7-81cd-491895557801","method":"POST","path":"/api/v1/internal-completion/costing/runs/{run_id}/approve-post","status":409,"elapsed_ms":7.58,"client_ip":"testclient"}
{"timestamp":"2026-07-18T13:03:18.972204+00:00","level":"INFO","logger":"httpx","message":"HTTP Request: POST http://testserver/api/v1/internal-completion/costing/runs/1/approve-post \"HTTP/1.1 409 Conflict\""}
{"timestamp":"2026-07-18T13:03:18.997305+00:00","level":"INFO","logger":"corvax.http","message":"request_completed","request_id":"f722332c-d0fd-4537-84d9-0ccdcac6aba3","method":"POST","path":"/api/v1/internal-completion/costing/runs/{run_id}/approve-post","status":200,"elapsed_ms":24.06,"client_ip":"testclient"}
{"timestamp":"2026-07-18T13:03:18.998130+00:00","level":"INFO","logger":"httpx","message":"HTTP Request: POST http://testserver/api/v1/internal-completion/costing/runs/1/approve-post \"HTTP/1.1 200 OK\""}
{"timestamp":"2026-07-18T13:03:19.020390+00:00","level":"INFO","logger":"corvax.http","message":"request_completed","request_id":"694fed01-4312-4928-8b23-bb67c9411c01","method":"GET","path":"/api/v1/internal-completion/drilldown","status":200,"elapsed_ms":20.96,"client_ip":"testclient"}
{"timestamp":"2026-07-18T13:03:19.021468+00:00","level":"INFO","logger":"httpx","message":"HTTP Request: GET http://testserver/api/v1/internal-completion/drilldown?company_id=1&account_code=624010&start_date=2026-07-01&end_date=2026-07-31 \"HTTP/1.1 200 OK\""}
{"timestamp":"2026-07-18T13:03:19.033092+00:00","level":"INFO","logger":"corvax.http","message":"request_completed","request_id":"7dc49a04-4269-4054-b579-9215b4fca9f5","method":"GET","path":"/api/v1/internal-completion/costing/runs/export.csv","status":200,"elapsed_ms":10.7,"client_ip":"testclient"}
{"timestamp":"2026-07-18T13:03:19.034144+00:00","level":"INFO","logger":"httpx","message":"HTTP Request: GET http://testserver/api/v1/internal-completion/costing/runs/export.csv?company_id=1 \"HTTP/1.1 200 OK\""}
{"timestamp":"2026-07-18T13:03:19.063757+00:00","level":"INFO","logger":"corvax.http","message":"request_completed","request_id":"12d173a8-d5e9-4194-9e7a-68d259ebacd5","method":"POST","path":"/api/v1/internal-completion/planning/scenarios","status":201,"elapsed_ms":28.67,"client_ip":"testclient"}
{"timestamp":"2026-07-18T13:03:19.064680+00:00","level":"INFO","logger":"httpx","message":"HTTP Request: POST http://testserver/api/v1/internal-completion/planning/scenarios \"HTTP/1.1 201 Created\""}
{"timestamp":"2026-07-18T13:03:19.075292+00:00","level":"INFO","logger":"corvax.http","message":"request_completed","request_id":"fad90681-80e5-4628-9df4-c869c2825cd8","method":"POST","path":"/api/v1/internal-completion/planning/scenarios/{scenario_id}/submit","status":200,"elapsed_ms":9.37,"client_ip":"testclient"}
{"timestamp":"2026-07-18T13:03:19.076094+00:00","level":"INFO","logger":"httpx","message":"HTTP Request: POST http://testserver/api/v1/internal-completion/planning/scenarios/1/submit \"HTTP/1.1 200 OK\""}
{"timestamp":"2026-07-18T13:03:19.087051+00:00","level":"INFO","logger":"corvax.http","message":"request_completed","request_id":"ebfd564e-5955-40e6-b77f-2eac2678bd61","method":"POST","path":"/api/v1/internal-completion/planning/scenarios/{scenario_id}/review","status":200,"elapsed_ms":10.14,"client_ip":"testclient"}
{"timestamp":"2026-07-18T13:03:19.087873+00:00","level":"INFO","logger":"httpx","message":"HTTP Request: POST http://testserver/api/v1/internal-completion/planning/scenarios/1/review \"HTTP/1.1 200 OK\""}
{"timestamp":"2026-07-18T13:03:19.099194+00:00","level":"INFO","logger":"corvax.http","message":"request_completed","request_id":"b3fd7073-f011-492c-8526-2496f6adeb90","method":"POST","path":"/api/v1/internal-completion/planning/scenarios/{scenario_id}/approve","status":200,"elapsed_ms":10.27,"client_ip":"testclient"}
{"timestamp":"2026-07-18T13:03:19.099923+00:00","level":"INFO","logger":"httpx","message":"HTTP Request: POST http://testserver/api/v1/internal-completion/planning/scenarios/1/approve \"HTTP/1.1 200 OK\""}
{"timestamp":"2026-07-18T13:03:19.110191+00:00","level":"INFO","logger":"corvax.http","message":"request_completed","request_id":"2a2aa705-8726-4af1-a6c0-9dd317143755","method":"POST","path":"/api/v1/internal-completion/planning/scenarios/{scenario_id}/freeze","status":200,"elapsed_ms":9.27,"client_ip":"testclient"}
{"timestamp":"2026-07-18T13:03:19.111036+00:00","level":"INFO","logger":"httpx","message":"HTTP Request: POST http://testserver/api/v1/internal-completion/planning/scenarios/1/freeze \"HTTP/1.1 200 OK\""}
{"timestamp":"2026-07-18T13:03:19.122084+00:00","level":"INFO","logger":"corvax.http","message":"request_completed","request_id":"dbc5b336-1cbe-4550-b23f-bc2cbf46a966","method":"GET","path":"/api/v1/internal-completion/planning/scenarios/{scenario_id}/variance","status":200,"elapsed_ms":10.09,"client_ip":"testclient"}
{"timestamp":"2026-07-18T13:03:19.122820+00:00","level":"INFO","logger":"httpx","message":"HTTP Request: GET http://testserver/api/v1/internal-completion/planning/scenarios/1/variance \"HTTP/1.1 200 OK\""}
{"timestamp":"2026-07-18T13:03:19.302005+00:00","level":"INFO","logger":"corvax.http","message":"request_completed","request_id":"6999f69c-080a-4c67-b038-094fe123a57d","method":"POST","path":"/api/v1/backups","status":201,"elapsed_ms":178.32,"client_ip":"testclient"}
{"timestamp":"2026-07-18T13:03:19.303925+00:00","level":"INFO","logger":"httpx","message":"HTTP Request: POST http://testserver/api/v1/backups?company_id=1 \"HTTP/1.1 201 Created\""}
{"timestamp":"2026-07-18T13:03:19.396718+00:00","level":"INFO","logger":"corvax.http","message":"request_completed","request_id":"53583b47-377d-4fbf-8c47-d3ed5433fac9","method":"POST","path":"/api/v1/backups/{backup_id}/verify","status":200,"elapsed_ms":91.71,"client_ip":"testclient"}
{"timestamp":"2026-07-18T13:03:19.398716+00:00","level":"INFO","logger":"httpx","message":"HTTP Request: POST http://testserver/api/v1/backups/1/verify \"HTTP/1.1 200 OK\""}
{"timestamp":"2026-07-18T13:03:19.430033+00:00","level":"INFO","logger":"corvax.http","message":"request_completed","request_id":"0809a312-c387-4435-96b1-6f9a7d9399f8","method":"POST","path":"/api/v1/internal-completion/close/runs","status":201,"elapsed_ms":30.15,"client_ip":"testclient"}
{"timestamp":"2026-07-18T13:03:19.430909+00:00","level":"INFO","logger":"httpx","message":"HTTP Request: POST http://testserver/api/v1/internal-completion/close/runs \"HTTP/1.1 201 Created\""}
{"timestamp":"2026-07-18T13:03:19.445988+00:00","level":"INFO","logger":"corvax.http","message":"request_completed","request_id":"3bb96960-6a0e-46ef-b943-ebbcf5ba7247","method":"POST","path":"/api/v1/internal-completion/close/runs/{run_id}/review","status":200,"elapsed_ms":14.06,"client_ip":"testclient"}
{"timestamp":"2026-07-18T13:03:19.446710+00:00","level":"INFO","logger":"httpx","message":"HTTP Request: POST http://testserver/api/v1/internal-completion/close/runs/1/review \"HTTP/1.1 200 OK\""}
{"timestamp":"2026-07-18T13:03:19.468106+00:00","level":"INFO","logger":"corvax.http","message":"request_completed","request_id":"4f1f7880-ffd8-4f88-aff1-24b23ad4f95a","method":"POST","path":"/api/v1/internal-completion/close/runs/{run_id}/approve-close","status":200,"elapsed_ms":20.06,"client_ip":"testclient"}
{"timestamp":"2026-07-18T13:03:19.468977+00:00","level":"INFO","logger":"httpx","message":"HTTP Request: POST http://testserver/api/v1/internal-completion/close/runs/1/approve-close \"HTTP/1.1 200 OK\""}
{"timestamp":"2026-07-18T13:03:19.490506+00:00","level":"INFO","logger":"corvax.http","message":"request_completed","request_id":"dab11f93-d8fd-4fee-acec-d8cc4ced2c18","method":"POST","path":"/api/v1/internal-completion/readiness/assessments","status":201,"elapsed_ms":20.24,"client_ip":"testclient"}
{"timestamp":"2026-07-18T13:03:19.491936+00:00","level":"INFO","logger":"httpx","message":"HTTP Request: POST http://testserver/api/v1/internal-completion/readiness/assessments \"HTTP/1.1 201 Created\""}
{"timestamp":"2026-07-18T13:03:19.502573+00:00","level":"INFO","logger":"corvax.http","message":"request_completed","request_id":"4f080e90-0c11-4125-ba3f-e4481a50ae22","method":"POST","path":"/api/v1/internal-completion/readiness/assessments/{assessment_id}/review","status":200,"elapsed_ms":9.46,"client_ip":"testclient"}
{"timestamp":"2026-07-18T13:03:19.503283+00:00","level":"INFO","logger":"httpx","message":"HTTP Request: POST http://testserver/api/v1/internal-completion/readiness/assessments/1/review \"HTTP/1.1 200 OK\""}
{"timestamp":"2026-07-18T13:03:19.513574+00:00","level":"INFO","logger":"corvax.http","message":"request_completed","request_id":"c9edb986-88c0-4df9-a12c-aa09d5c59896","method":"POST","path":"/api/v1/internal-completion/readiness/assessments/{assessment_id}/approve","status":200,"elapsed_ms":9.18,"client_ip":"testclient"}
{"timestamp":"2026-07-18T13:03:19.514432+00:00","level":"INFO","logger":"httpx","message":"HTTP Request: POST http://testserver/api/v1/internal-completion/readiness/assessments/1/approve \"HTTP/1.1 200 OK\""}
{"timestamp":"2026-07-18T13:03:19.523141+00:00","level":"INFO","logger":"corvax.http","message":"request_completed","request_id":"e611cdd7-ea49-48c9-af28-dae535cdc845","method":"GET","path":"/api/v1/internal-completion/readiness/assessments/{assessment_id}/export.csv","status":200,"elapsed_ms":7.6,"client_ip":"testclient"}
{"timestamp":"2026-07-18T13:03:19.524017+00:00","level":"INFO","logger":"httpx","message":"HTTP Request: GET http://testserver/api/v1/internal-completion/readiness/assessments/1/export.csv \"HTTP/1.1 200 OK\""}
CORVAX v1.0 Final Internal Release: ALL VERIFICATIONS PASSED
