[PASS 01/62] verify_admin_tenant_hardening.py (0.0s)
[PASS 02/62] verify_ai_assistant_header_launcher.py (0.0s)
[PASS 03/62] verify_branch_scope_security.py (4.9s)
[PASS 04/62] verify_comprehensive_reporting_r3.py (10.4s)
[PASS 05/62] verify_demo_data_reset_safety.py (9.3s)
[PASS 06/62] verify_demo_surface_hardening.py (0.0s)
[PASS 07/62] verify_final_home_dashboard.py (0.0s)
[PASS 08/62] verify_final_internal.py (13.2s)
[PASS 09/62] verify_health_contract.py (0.0s)
[PASS 10/62] verify_modules.py (0.0s)
[PASS 11/62] verify_operational_surface_r6.py (15.7s)
[PASS 12/62] verify_production_ui_controls_rc273.py (0.0s)
[PASS 13/62] verify_r7_customer_receipt_search_cycle.py (9.9s)
[PASS 14/62] verify_r7_financial_employee_controls.py (9.8s)
[PASS 15/62] verify_r7_procurement_competitive_cycle.py (9.3s)
[PASS 16/62] verify_r7_treasury_ui_roles.py (16.4s)
[PASS 17/62] verify_rc274_foundations_r4.py (12.0s)
[PASS 18/62] verify_rc274_operational_r5.py (11.5s)
[PASS 19/62] verify_rc274_r6_departments.py (14.2s)
[PASS 20/62] verify_rc274_r6_document_security_lifecycle.py (10.7s)
[PASS 21/62] verify_rc274_r6_inventory_commissions_gym.py (12.0s)
[PASS 22/62] verify_rc274_r6_operational_completion.py (13.0s)
[PASS 23/62] verify_rc274_r6_remaining_contracts.py (12.8s)
[PASS 24/62] verify_rc274_r6_subledger_details.py (10.9s)
[PASS 25/62] verify_security_hardening.py (0.0s)
[PASS 26/62] verify_ui_quality_rc272.py (0.0s)
[PASS 27/62] verify_v010.py (9.6s)
[PASS 28/62] verify_v012.py (10.3s)
[PASS 29/62] verify_v014.py (10.6s)
[PASS 30/62] verify_v016.py (10.8s)
[PASS 31/62] verify_v018.py (10.6s)
[PASS 32/62] verify_v020.py (9.5s)
[PASS 33/62] verify_v022.py (8.6s)
[PASS 34/62] verify_v024.py (50.0s)
[PASS 35/62] verify_v026.py (9.6s)
[PASS 36/62] verify_v028.py (9.2s)
[PASS 37/62] verify_v030.py (8.5s)
[PASS 38/62] verify_v032.py (9.0s)
[PASS 39/62] verify_v100.py (12.1s)
[PASS 40/62] verify_v102.py (9.9s)
[PASS 41/62] verify_v104.py (9.3s)
[PASS 42/62] verify_v105.py (10.5s)
[PASS 43/62] verify_v106.py (10.7s)
[PASS 44/62] verify_v107.py (29.8s)
[PASS 45/62] verify_v108.py (12.4s)
[PASS 46/62] verify_v109.py (12.1s)
[PASS 47/62] verify_v110.py (18.4s)
[PASS 48/62] verify_v111.py (10.6s)
[PASS 49/62] verify_v112.py (9.2s)
[PASS 50/62] verify_v113.py (12.5s)
[PASS 51/62] verify_v114.py (9.7s)
[PASS 52/62] verify_v115.py (9.6s)
[PASS 53/62] verify_v116.py (8.7s)
[PASS 54/62] verify_v117.py (10.0s)
[PASS 55/62] verify_v118.py (8.6s)
[PASS 56/62] verify_v119.py (9.4s)
[PASS 57/62] verify_v120.py (12.3s)
[PASS 58/62] verify_v121.py (10.9s)
[PASS 59/62] verify_v122.py (9.4s)
[PASS 60/62] verify_v123.py (9.6s)
[PASS 61/62] verify_v124.py (12.0s)
[PASS 62/62] verify_v125.py (12.7s)

CORVAX FULL VERIFICATION GATE PASSED — 62 scripts in 632.4s
